[1m[92m    Blocking[0m waiting for file lock on package cache
[1m[92m    Blocking[0m waiting for file lock on package cache
[1m[92m    Blocking[0m waiting for file lock on package cache
[1m[92m    Blocking[0m waiting for file lock on package cache
[1m[92m    Checking[0m dioxus v0.7.3
[1m[92m    Checking[0m sqlx v0.8.6
[1m[92m    Checking[0m clarity-core v0.1.0-dev (/home/lewis/src/clarity/clarity-core)
[1m[91merror[E0433][0m[1m: failed to resolve: could not find `migrate` in `sqlx`[0m
  [1m[94m--> [0mclarity-core/src/db/migrate.rs:18:9
   [1m[94m|[0m
[1m[94m18[0m [1m[94m|[0m   sqlx::migrate!("./migrations")
   [1m[94m|[0m         [1m[91m^^^^^^^[0m [1m[91mcould not find `migrate` in `sqlx`[0m

[1m[91merror[E0282][0m[1m: type annotations needed[0m
  [1m[94m--> [0mclarity-core/src/db/migrate.rs:18:3
   [1m[94m|[0m
[1m[94m18[0m [1m[94m|[0m [1m[91m/[0m   sqlx::migrate!("./migrations")
[1m[94m19[0m [1m[94m|[0m [1m[91m|[0m     .run(pool)
[1m[94m20[0m [1m[94m|[0m [1m[91m|[0m     .await
   [1m[94m|[0m [1m[91m|__________^[0m [1m[91mcannot infer type[0m

[1m[91merror[E0277][0m[1m: the trait bound `f64: std::cmp::Eq` is not satisfied[0m
   [1m[94m--> [0mclarity-core/src/progress.rs:126:3
    [1m[94m|[0m
[1m[94m105[0m [1m[94m|[0m #[derive(Debug, Clone, PartialEq, Eq, Serialize, Deserialize)]
    [1m[94m|[0m                                   [1m[94m--[0m [1m[94min this derive macro expansion[0m
[1m[94m...[0m
[1m[94m126[0m [1m[94m|[0m   pub completion_percentage: f64,
    [1m[94m|[0m   [1m[91m^^^^^^^^^^^^^^^^^^^^^^^^^^^^^^[0m [1m[91mthe trait `std::cmp::Eq` is not implemented for `f64`[0m
    [1m[94m|[0m
    [1m[94m= [0m[1mhelp[0m: the following other types implement trait `std::cmp::Eq`:
              i128
              i16
              i32
              i64
              i8
              isize
              u128
              u16
            and 4 others
[1m[92mnote[0m: required by a bound in `std::cmp::AssertParamIsEq`
   [1m[94m--> [0m/home/lewis/.rustup/toolchains/nightly-x86_64-unknown-linux-gnu/lib/rustlib/src/rust/library/core/src/cmp.rs:367:31
    [1m[94m|[0m
[1m[94m367[0m [1m[94m|[0m pub struct AssertParamIsEq<T: Eq + PointeeSized> {
    [1m[94m|[0m                               [1m[92m^^[0m [1m[92mrequired by this bound in `AssertParamIsEq`[0m

[1m[91merror[E0277][0m[1m: the trait bound `f64: std::cmp::Eq` is not satisfied[0m
   [1m[94m--> [0mclarity-core/src/progress.rs:136:3
    [1m[94m|[0m
[1m[94m133[0m [1m[94m|[0m #[derive(Debug, Clone, PartialEq, Eq, Serialize, Deserialize)]
    [1m[94m|[0m                                   [1m[94m--[0m [1m[94min this derive macro expansion[0m
[1m[94m...[0m
[1m[94m136[0m [1m[94m|[0m   pub completed_pct: f64,
    [1m[94m|[0m   [1m[91m^^^^^^^^^^^^^^^^^^^^^^[0m [1m[91mthe trait `std::cmp::Eq` is not implemented for `f64`[0m
    [1m[94m|[0m
    [1m[94m= [0m[1mhelp[0m: the following other types implement trait `std::cmp::Eq`:
              i128
              i16
              i32
              i64
              i8
              isize
              u128
              u16
            and 4 others
[1m[92mnote[0m: required by a bound in `std::cmp::AssertParamIsEq`
   [1m[94m--> [0m/home/lewis/.rustup/toolchains/nightly-x86_64-unknown-linux-gnu/lib/rustlib/src/rust/library/core/src/cmp.rs:367:31
    [1m[94m|[0m
[1m[94m367[0m [1m[94m|[0m pub struct AssertParamIsEq<T: Eq + PointeeSized> {
    [1m[94m|[0m                               [1m[92m^^[0m [1m[92mrequired by this bound in `AssertParamIsEq`[0m

[1mSome errors have detailed explanations: E0277, E0282, E0433.[0m
[1mFor more information about an error, try `rustc --explain E0277`.[0m
[1m[91merror[0m: could not compile `clarity-core` (lib) due to 4 previous errors
[1m[33mwarning[0m: build failed, waiting for other jobs to finish...
[1m[91merror[0m: could not compile `clarity-core` (lib test) due to 4 previous errors