[1m[92m    Blocking[0m waiting for file lock on package cache
[1m[92m    Blocking[0m waiting for file lock on package cache
[1m[92m    Blocking[0m waiting for file lock on package cache
[1m[92m    Checking[0m clarity-core v0.1.0-dev (/home/lewis/src/clarity/clarity-core)
[1m[92m    Checking[0m clarity-client v0.1.0-dev (/home/lewis/src/clarity/clarity-client)
[1m[91merror[0m[1m: empty String is being created manually[0m
   [1m[94m--> [0mclarity-client/src/app.rs:232:36
    [1m[94m|[0m
[1m[94m232[0m [1m[94m|[0m     let result = state.navigate_to("".to_string());
    [1m[94m|[0m                                    [1m[91m^^^^^^^^^^^^^^[0m [1m[91mhelp: consider using: `String::new()`[0m
    [1m[94m|[0m
    [1m[94m= [0m[1mhelp[0m: for further information visit https://rust-lang.github.io/rust-clippy/master/index.html#manual_string_new
    [1m[94m= [0m[1mnote[0m: `-D clippy::manual-string-new` implied by `-D warnings`
    [1m[94m= [0m[1mhelp[0m: to override `-D warnings` add `#[allow(clippy::manual_string_new)]`

[1m[91merror[0m: could not compile `clarity-client` (lib test) due to 1 previous error
[1m[33mwarning[0m: build failed, waiting for other jobs to finish...
[1m[91merror[0m[1m: used `unwrap()` on a `Result` value[0m
   [1m[94m--> [0mclarity-core/src/db/pool.rs:132:17
    [1m[94m|[0m
[1m[94m132[0m [1m[94m|[0m     let _lock = ENV_TEST_LOCK.lock().unwrap();
    [1m[94m|[0m                 [1m[91m^^^^^^^^^^^^^^^^^^^^^^^^^^^^^[0m
    [1m[94m|[0m
    [1m[94m= [0m[1mnote[0m: if this value is an `Err`, it will panic
    [1m[94m= [0m[1mhelp[0m: for further information visit https://rust-lang.github.io/rust-clippy/master/index.html#unwrap_used
[1m[92mnote[0m: the lint level is defined here
   [1m[94m--> [0mclarity-core/src/db/mod.rs:1:9
    [1m[94m|[0m
[1m[94m  1[0m [1m[94m|[0m #![deny(clippy::unwrap_used)]
    [1m[94m|[0m         [1m[92m^^^^^^^^^^^^^^^^^^^[0m

[1m[91merror[0m[1m: used `unwrap()` on a `Result` value[0m
   [1m[94m--> [0mclarity-core/src/db/pool.rs:146:17
    [1m[94m|[0m
[1m[94m146[0m [1m[94m|[0m     let _lock = ENV_TEST_LOCK.lock().unwrap();
    [1m[94m|[0m                 [1m[91m^^^^^^^^^^^^^^^^^^^^^^^^^^^^^[0m
    [1m[94m|[0m
    [1m[94m= [0m[1mnote[0m: if this value is an `Err`, it will panic
    [1m[94m= [0m[1mhelp[0m: consider using `expect()` to provide a better panic message
    [1m[94m= [0m[1mhelp[0m: for further information visit https://rust-lang.github.io/rust-clippy/master/index.html#unwrap_used

[1m[91merror[0m[1m: this could be rewritten as `let...else`[0m
   [1m[94m--> [0mclarity-core/src/interview.rs:524:5
    [1m[94m|[0m
[1m[94m524[0m [1m[94m|[0m [1m[91m/[0m     let id = match result {
[1m[94m525[0m [1m[94m|[0m [1m[91m|[0m       Ok(id) => id,
[1m[94m526[0m [1m[94m|[0m [1m[91m|[0m       Err(_) => panic!("Expected Ok InterviewId"),
[1m[94m527[0m [1m[94m|[0m [1m[91m|[0m     };
    [1m[94m|[0m [1m[91m|______^[0m [1m[91mhelp: consider writing: `let Ok(id) = result else { panic!("Expected Ok InterviewId") };`[0m
    [1m[94m|[0m
    [1m[94m= [0m[1mhelp[0m: for further information visit https://rust-lang.github.io/rust-clippy/master/index.html#manual_let_else
    [1m[94m= [0m[1mnote[0m: `-D clippy::manual-let-else` implied by `-D warnings`
    [1m[94m= [0m[1mhelp[0m: to override `-D warnings` add `#[allow(clippy::manual_let_else)]`

[1m[91merror[0m[1m: `Err(_)` matches all errors[0m
   [1m[94m--> [0mclarity-core/src/interview.rs:526:7
    [1m[94m|[0m
[1m[94m526[0m [1m[94m|[0m       Err(_) => panic!("Expected Ok InterviewId"),
    [1m[94m|[0m       [1m[91m^^^^^^[0m
    [1m[94m|[0m
    [1m[94m= [0m[1mnote[0m: match each error separately or use the error output, or use `.expect(msg)` if the error case is unreachable
    [1m[94m= [0m[1mhelp[0m: for further information visit https://rust-lang.github.io/rust-clippy/master/index.html#match_wild_err_arm
    [1m[94m= [0m[1mnote[0m: `-D clippy::match-wild-err-arm` implied by `-D warnings`
    [1m[94m= [0m[1mhelp[0m: to override `-D warnings` add `#[allow(clippy::match_wild_err_arm)]`

[1m[91merror[0m[1m: this could be rewritten as `let...else`[0m
   [1m[94m--> [0mclarity-core/src/interview.rs:559:5
    [1m[94m|[0m
[1m[94m559[0m [1m[94m|[0m [1m[91m/[0m     let id = match id_result {
[1m[94m560[0m [1m[94m|[0m [1m[91m|[0m       Ok(id) => id,
[1m[94m561[0m [1m[94m|[0m [1m[91m|[0m       Err(_) => panic!("Expected Ok InterviewId"),
[1m[94m562[0m [1m[94m|[0m [1m[91m|[0m     };
    [1m[94m|[0m [1m[91m|______^[0m [1m[91mhelp: consider writing: `let Ok(id) = id_result else { panic!("Expected Ok InterviewId") };`[0m
    [1m[94m|[0m
    [1m[94m= [0m[1mhelp[0m: for further information visit https://rust-lang.github.io/rust-clippy/master/index.html#manual_let_else

[1m[91merror[0m[1m: `Err(_)` matches all errors[0m
   [1m[94m--> [0mclarity-core/src/interview.rs:561:7
    [1m[94m|[0m
[1m[94m561[0m [1m[94m|[0m       Err(_) => panic!("Expected Ok InterviewId"),
    [1m[94m|[0m       [1m[91m^^^^^^[0m
    [1m[94m|[0m
    [1m[94m= [0m[1mnote[0m: match each error separately or use the error output, or use `.expect(msg)` if the error case is unreachable
    [1m[94m= [0m[1mhelp[0m: for further information visit https://rust-lang.github.io/rust-clippy/master/index.html#match_wild_err_arm

[1m[91merror[0m[1m: this could be rewritten as `let...else`[0m
   [1m[94m--> [0mclarity-core/src/interview.rs:579:5
    [1m[94m|[0m
[1m[94m579[0m [1m[94m|[0m [1m[91m/[0m     let id = match id_result {
[1m[94m580[0m [1m[94m|[0m [1m[91m|[0m       Ok(id) => id,
[1m[94m581[0m [1m[94m|[0m [1m[91m|[0m       Err(_) => panic!("Expected Ok InterviewId"),
[1m[94m582[0m [1m[94m|[0m [1m[91m|[0m     };
    [1m[94m|[0m [1m[91m|______^[0m [1m[91mhelp: consider writing: `let Ok(id) = id_result else { panic!("Expected Ok InterviewId") };`[0m
    [1m[94m|[0m
    [1m[94m= [0m[1mhelp[0m: for further information visit https://rust-lang.github.io/rust-clippy/master/index.html#manual_let_else

[1m[91merror[0m[1m: `Err(_)` matches all errors[0m
   [1m[94m--> [0mclarity-core/src/interview.rs:581:7
    [1m[94m|[0m
[1m[94m581[0m [1m[94m|[0m       Err(_) => panic!("Expected Ok InterviewId"),
    [1m[94m|[0m       [1m[91m^^^^^^[0m
    [1m[94m|[0m
    [1m[94m= [0m[1mnote[0m: match each error separately or use the error output, or use `.expect(msg)` if the error case is unreachable
    [1m[94m= [0m[1mhelp[0m: for further information visit https://rust-lang.github.io/rust-clippy/master/index.html#match_wild_err_arm

[1m[91merror[0m[1m: this could be rewritten as `let...else`[0m
   [1m[94m--> [0mclarity-core/src/interview.rs:588:5
    [1m[94m|[0m
[1m[94m588[0m [1m[94m|[0m [1m[91m/[0m     let interview = match interview_result {
[1m[94m589[0m [1m[94m|[0m [1m[91m|[0m       Ok(i) => i,
[1m[94m590[0m [1m[94m|[0m [1m[91m|[0m       Err(_) => panic!("Expected Ok Interview"),
[1m[94m591[0m [1m[94m|[0m [1m[91m|[0m     };
    [1m[94m|[0m [1m[91m|______^[0m [1m[91mhelp: consider writing: `let Ok(interview) = interview_result else { panic!("Expected Ok Interview") };`[0m
    [1m[94m|[0m
    [1m[94m= [0m[1mhelp[0m: for further information visit https://rust-lang.github.io/rust-clippy/master/index.html#manual_let_else

[1m[91merror[0m[1m: `Err(_)` matches all errors[0m
   [1m[94m--> [0mclarity-core/src/interview.rs:590:7
    [1m[94m|[0m
[1m[94m590[0m [1m[94m|[0m       Err(_) => panic!("Expected Ok Interview"),
    [1m[94m|[0m       [1m[91m^^^^^^[0m
    [1m[94m|[0m
    [1m[94m= [0m[1mnote[0m: match each error separately or use the error output, or use `.expect(msg)` if the error case is unreachable
    [1m[94m= [0m[1mhelp[0m: for further information visit https://rust-lang.github.io/rust-clippy/master/index.html#match_wild_err_arm

[1m[91merror[0m[1m: this could be rewritten as `let...else`[0m
   [1m[94m--> [0mclarity-core/src/interview.rs:608:5
    [1m[94m|[0m
[1m[94m608[0m [1m[94m|[0m [1m[91m/[0m     let id = match id_result {
[1m[94m609[0m [1m[94m|[0m [1m[91m|[0m       Ok(id) => id,
[1m[94m610[0m [1m[94m|[0m [1m[91m|[0m       Err(_) => panic!("Expected Ok InterviewId"),
[1m[94m611[0m [1m[94m|[0m [1m[91m|[0m     };
    [1m[94m|[0m [1m[91m|______^[0m [1m[91mhelp: consider writing: `let Ok(id) = id_result else { panic!("Expected Ok InterviewId") };`[0m
    [1m[94m|[0m
    [1m[94m= [0m[1mhelp[0m: for further information visit https://rust-lang.github.io/rust-clippy/master/index.html#manual_let_else

[1m[91merror[0m[1m: `Err(_)` matches all errors[0m
   [1m[94m--> [0mclarity-core/src/interview.rs:610:7
    [1m[94m|[0m
[1m[94m610[0m [1m[94m|[0m       Err(_) => panic!("Expected Ok InterviewId"),
    [1m[94m|[0m       [1m[91m^^^^^^[0m
    [1m[94m|[0m
    [1m[94m= [0m[1mnote[0m: match each error separately or use the error output, or use `.expect(msg)` if the error case is unreachable
    [1m[94m= [0m[1mhelp[0m: for further information visit https://rust-lang.github.io/rust-clippy/master/index.html#match_wild_err_arm

[1m[91merror[0m[1m: this could be rewritten as `let...else`[0m
   [1m[94m--> [0mclarity-core/src/interview.rs:627:5
    [1m[94m|[0m
[1m[94m627[0m [1m[94m|[0m [1m[91m/[0m     let id = match id_result {
[1m[94m628[0m [1m[94m|[0m [1m[91m|[0m       Ok(id) => id,
[1m[94m629[0m [1m[94m|[0m [1m[91m|[0m       Err(_) => panic!("Expected Ok InterviewId"),
[1m[94m630[0m [1m[94m|[0m [1m[91m|[0m     };
    [1m[94m|[0m [1m[91m|______^[0m [1m[91mhelp: consider writing: `let Ok(id) = id_result else { panic!("Expected Ok InterviewId") };`[0m
    [1m[94m|[0m
    [1m[94m= [0m[1mhelp[0m: for further information visit https://rust-lang.github.io/rust-clippy/master/index.html#manual_let_else

[1m[91merror[0m[1m: `Err(_)` matches all errors[0m
   [1m[94m--> [0mclarity-core/src/interview.rs:629:7
    [1m[94m|[0m
[1m[94m629[0m [1m[94m|[0m       Err(_) => panic!("Expected Ok InterviewId"),
    [1m[94m|[0m       [1m[91m^^^^^^[0m
    [1m[94m|[0m
    [1m[94m= [0m[1mnote[0m: match each error separately or use the error output, or use `.expect(msg)` if the error case is unreachable
    [1m[94m= [0m[1mhelp[0m: for further information visit https://rust-lang.github.io/rust-clippy/master/index.html#match_wild_err_arm

[1m[91merror[0m[1m: this could be rewritten as `let...else`[0m
   [1m[94m--> [0mclarity-core/src/interview.rs:650:5
    [1m[94m|[0m
[1m[94m650[0m [1m[94m|[0m [1m[91m/[0m     let interview = match interview_result {
[1m[94m651[0m [1m[94m|[0m [1m[91m|[0m       Ok(i) => i,
[1m[94m652[0m [1m[94m|[0m [1m[91m|[0m       Err(_) => panic!("Expected Ok Interview"),
[1m[94m653[0m [1m[94m|[0m [1m[91m|[0m     };
    [1m[94m|[0m [1m[91m|______^[0m [1m[91mhelp: consider writing: `let Ok(interview) = interview_result else { panic!("Expected Ok Interview") };`[0m
    [1m[94m|[0m
    [1m[94m= [0m[1mhelp[0m: for further information visit https://rust-lang.github.io/rust-clippy/master/index.html#manual_let_else

[1m[91merror[0m[1m: `Err(_)` matches all errors[0m
   [1m[94m--> [0mclarity-core/src/interview.rs:652:7
    [1m[94m|[0m
[1m[94m652[0m [1m[94m|[0m       Err(_) => panic!("Expected Ok Interview"),
    [1m[94m|[0m       [1m[91m^^^^^^[0m
    [1m[94m|[0m
    [1m[94m= [0m[1mnote[0m: match each error separately or use the error output, or use `.expect(msg)` if the error case is unreachable
    [1m[94m= [0m[1mhelp[0m: for further information visit https://rust-lang.github.io/rust-clippy/master/index.html#match_wild_err_arm

[1m[91merror[0m[1m: this could be rewritten as `let...else`[0m
   [1m[94m--> [0mclarity-core/src/interview.rs:671:5
    [1m[94m|[0m
[1m[94m671[0m [1m[94m|[0m [1m[91m/[0m     let interview = match interview_result {
[1m[94m672[0m [1m[94m|[0m [1m[91m|[0m       Ok(i) => i,
[1m[94m673[0m [1m[94m|[0m [1m[91m|[0m       Err(_) => panic!("Expected Ok Interview"),
[1m[94m674[0m [1m[94m|[0m [1m[91m|[0m     };
    [1m[94m|[0m [1m[91m|______^[0m [1m[91mhelp: consider writing: `let Ok(interview) = interview_result else { panic!("Expected Ok Interview") };`[0m
    [1m[94m|[0m
    [1m[94m= [0m[1mhelp[0m: for further information visit https://rust-lang.github.io/rust-clippy/master/index.html#manual_let_else

[1m[91merror[0m[1m: `Err(_)` matches all errors[0m
   [1m[94m--> [0mclarity-core/src/interview.rs:673:7
    [1m[94m|[0m
[1m[94m673[0m [1m[94m|[0m       Err(_) => panic!("Expected Ok Interview"),
    [1m[94m|[0m       [1m[91m^^^^^^[0m
    [1m[94m|[0m
    [1m[94m= [0m[1mnote[0m: match each error separately or use the error output, or use `.expect(msg)` if the error case is unreachable
    [1m[94m= [0m[1mhelp[0m: for further information visit https://rust-lang.github.io/rust-clippy/master/index.html#match_wild_err_arm

[1m[91merror[0m[1m: this could be rewritten as `let...else`[0m
   [1m[94m--> [0mclarity-core/src/interview.rs:704:5
    [1m[94m|[0m
[1m[94m704[0m [1m[94m|[0m [1m[91m/[0m     let interview = match interview_result {
[1m[94m705[0m [1m[94m|[0m [1m[91m|[0m       Ok(i) => i,
[1m[94m706[0m [1m[94m|[0m [1m[91m|[0m       Err(_) => panic!("Expected Ok Interview"),
[1m[94m707[0m [1m[94m|[0m [1m[91m|[0m     };
    [1m[94m|[0m [1m[91m|______^[0m [1m[91mhelp: consider writing: `let Ok(interview) = interview_result else { panic!("Expected Ok Interview") };`[0m
    [1m[94m|[0m
    [1m[94m= [0m[1mhelp[0m: for further information visit https://rust-lang.github.io/rust-clippy/master/index.html#manual_let_else

[1m[91merror[0m[1m: `Err(_)` matches all errors[0m
   [1m[94m--> [0mclarity-core/src/interview.rs:706:7
    [1m[94m|[0m
[1m[94m706[0m [1m[94m|[0m       Err(_) => panic!("Expected Ok Interview"),
    [1m[94m|[0m       [1m[91m^^^^^^[0m
    [1m[94m|[0m
    [1m[94m= [0m[1mnote[0m: match each error separately or use the error output, or use `.expect(msg)` if the error case is unreachable
    [1m[94m= [0m[1mhelp[0m: for further information visit https://rust-lang.github.io/rust-clippy/master/index.html#match_wild_err_arm

[1m[91merror[0m[1m: this could be rewritten as `let...else`[0m
   [1m[94m--> [0mclarity-core/src/interview.rs:784:5
    [1m[94m|[0m
[1m[94m784[0m [1m[94m|[0m [1m[91m/[0m     let interview = match interview_result {
[1m[94m785[0m [1m[94m|[0m [1m[91m|[0m       Ok(i) => i,
[1m[94m786[0m [1m[94m|[0m [1m[91m|[0m       Err(_) => panic!("Expected Ok Interview"),
[1m[94m787[0m [1m[94m|[0m [1m[91m|[0m     };
    [1m[94m|[0m [1m[91m|______^[0m [1m[91mhelp: consider writing: `let Ok(interview) = interview_result else { panic!("Expected Ok Interview") };`[0m
    [1m[94m|[0m
    [1m[94m= [0m[1mhelp[0m: for further information visit https://rust-lang.github.io/rust-clippy/master/index.html#manual_let_else

[1m[91merror[0m[1m: `Err(_)` matches all errors[0m
   [1m[94m--> [0mclarity-core/src/interview.rs:786:7
    [1m[94m|[0m
[1m[94m786[0m [1m[94m|[0m       Err(_) => panic!("Expected Ok Interview"),
    [1m[94m|[0m       [1m[91m^^^^^^[0m
    [1m[94m|[0m
    [1m[94m= [0m[1mnote[0m: match each error separately or use the error output, or use `.expect(msg)` if the error case is unreachable
    [1m[94m= [0m[1mhelp[0m: for further information visit https://rust-lang.github.io/rust-clippy/master/index.html#match_wild_err_arm

[1m[91merror[0m[1m: this could be rewritten as `let...else`[0m
   [1m[94m--> [0mclarity-core/src/interview.rs:795:5
    [1m[94m|[0m
[1m[94m795[0m [1m[94m|[0m [1m[91m/[0m     let updated = match updated_result {
[1m[94m796[0m [1m[94m|[0m [1m[91m|[0m       Ok(i) => i,
[1m[94m797[0m [1m[94m|[0m [1m[91m|[0m       Err(_) => panic!("Expected Ok Interview"),
[1m[94m798[0m [1m[94m|[0m [1m[91m|[0m     };
    [1m[94m|[0m [1m[91m|______^[0m [1m[91mhelp: consider writing: `let Ok(updated) = updated_result else { panic!("Expected Ok Interview") };`[0m
    [1m[94m|[0m
    [1m[94m= [0m[1mhelp[0m: for further information visit https://rust-lang.github.io/rust-clippy/master/index.html#manual_let_else

[1m[91merror[0m[1m: `Err(_)` matches all errors[0m
   [1m[94m--> [0mclarity-core/src/interview.rs:797:7
    [1m[94m|[0m
[1m[94m797[0m [1m[94m|[0m       Err(_) => panic!("Expected Ok Interview"),
    [1m[94m|[0m       [1m[91m^^^^^^[0m
    [1m[94m|[0m
    [1m[94m= [0m[1mnote[0m: match each error separately or use the error output, or use `.expect(msg)` if the error case is unreachable
    [1m[94m= [0m[1mhelp[0m: for further information visit https://rust-lang.github.io/rust-clippy/master/index.html#match_wild_err_arm

[1m[91merror[0m[1m: this could be rewritten as `let...else`[0m
   [1m[94m--> [0mclarity-core/src/interview.rs:813:5
    [1m[94m|[0m
[1m[94m813[0m [1m[94m|[0m [1m[91m/[0m     let interview = match interview_result {
[1m[94m814[0m [1m[94m|[0m [1m[91m|[0m       Ok(i) => i,
[1m[94m815[0m [1m[94m|[0m [1m[91m|[0m       Err(_) => panic!("Expected Ok Interview"),
[1m[94m816[0m [1m[94m|[0m [1m[91m|[0m     };
    [1m[94m|[0m [1m[91m|______^[0m [1m[91mhelp: consider writing: `let Ok(interview) = interview_result else { panic!("Expected Ok Interview") };`[0m
    [1m[94m|[0m
    [1m[94m= [0m[1mhelp[0m: for further information visit https://rust-lang.github.io/rust-clippy/master/index.html#manual_let_else

[1m[91merror[0m[1m: `Err(_)` matches all errors[0m
   [1m[94m--> [0mclarity-core/src/interview.rs:815:7
    [1m[94m|[0m
[1m[94m815[0m [1m[94m|[0m       Err(_) => panic!("Expected Ok Interview"),
    [1m[94m|[0m       [1m[91m^^^^^^[0m
    [1m[94m|[0m
    [1m[94m= [0m[1mnote[0m: match each error separately or use the error output, or use `.expect(msg)` if the error case is unreachable
    [1m[94m= [0m[1mhelp[0m: for further information visit https://rust-lang.github.io/rust-clippy/master/index.html#match_wild_err_arm

[1m[91merror[0m[1m: this could be rewritten as `let...else`[0m
   [1m[94m--> [0mclarity-core/src/interview.rs:824:5
    [1m[94m|[0m
[1m[94m824[0m [1m[94m|[0m [1m[91m/[0m     let in_progress = match in_progress_result {
[1m[94m825[0m [1m[94m|[0m [1m[91m|[0m       Ok(i) => i,
[1m[94m826[0m [1m[94m|[0m [1m[91m|[0m       Err(_) => panic!("Expected Ok Interview"),
[1m[94m827[0m [1m[94m|[0m [1m[91m|[0m     };
    [1m[94m|[0m [1m[91m|______^[0m [1m[91mhelp: consider writing: `let Ok(in_progress) = in_progress_result else { panic!("Expected Ok Interview") };`[0m
    [1m[94m|[0m
    [1m[94m= [0m[1mhelp[0m: for further information visit https://rust-lang.github.io/rust-clippy/master/index.html#manual_let_else

[1m[91merror[0m[1m: `Err(_)` matches all errors[0m
   [1m[94m--> [0mclarity-core/src/interview.rs:826:7
    [1m[94m|[0m
[1m[94m826[0m [1m[94m|[0m       Err(_) => panic!("Expected Ok Interview"),
    [1m[94m|[0m       [1m[91m^^^^^^[0m
    [1m[94m|[0m
    [1m[94m= [0m[1mnote[0m: match each error separately or use the error output, or use `.expect(msg)` if the error case is unreachable
    [1m[94m= [0m[1mhelp[0m: for further information visit https://rust-lang.github.io/rust-clippy/master/index.html#match_wild_err_arm

[1m[91merror[0m[1m: this could be rewritten as `let...else`[0m
   [1m[94m--> [0mclarity-core/src/interview.rs:835:5
    [1m[94m|[0m
[1m[94m835[0m [1m[94m|[0m [1m[91m/[0m     let completed = match completed_result {
[1m[94m836[0m [1m[94m|[0m [1m[91m|[0m       Ok(i) => i,
[1m[94m837[0m [1m[94m|[0m [1m[91m|[0m       Err(_) => panic!("Expected Ok Interview"),
[1m[94m838[0m [1m[94m|[0m [1m[91m|[0m     };
    [1m[94m|[0m [1m[91m|______^[0m [1m[91mhelp: consider writing: `let Ok(completed) = completed_result else { panic!("Expected Ok Interview") };`[0m
    [1m[94m|[0m
    [1m[94m= [0m[1mhelp[0m: for further information visit https://rust-lang.github.io/rust-clippy/master/index.html#manual_let_else

[1m[91merror[0m[1m: `Err(_)` matches all errors[0m
   [1m[94m--> [0mclarity-core/src/interview.rs:837:7
    [1m[94m|[0m
[1m[94m837[0m [1m[94m|[0m       Err(_) => panic!("Expected Ok Interview"),
    [1m[94m|[0m       [1m[91m^^^^^^[0m
    [1m[94m|[0m
    [1m[94m= [0m[1mnote[0m: match each error separately or use the error output, or use `.expect(msg)` if the error case is unreachable
    [1m[94m= [0m[1mhelp[0m: for further information visit https://rust-lang.github.io/rust-clippy/master/index.html#match_wild_err_arm

[1m[91merror[0m[1m: this could be rewritten as `let...else`[0m
   [1m[94m--> [0mclarity-core/src/interview.rs:851:5
    [1m[94m|[0m
[1m[94m851[0m [1m[94m|[0m [1m[91m/[0m     let interview = match interview_result {
[1m[94m852[0m [1m[94m|[0m [1m[91m|[0m       Ok(i) => i,
[1m[94m853[0m [1m[94m|[0m [1m[91m|[0m       Err(_) => panic!("Expected Ok Interview"),
[1m[94m854[0m [1m[94m|[0m [1m[91m|[0m     };
    [1m[94m|[0m [1m[91m|______^[0m [1m[91mhelp: consider writing: `let Ok(interview) = interview_result else { panic!("Expected Ok Interview") };`[0m
    [1m[94m|[0m
    [1m[94m= [0m[1mhelp[0m: for further information visit https://rust-lang.github.io/rust-clippy/master/index.html#manual_let_else

[1m[91merror[0m[1m: `Err(_)` matches all errors[0m
   [1m[94m--> [0mclarity-core/src/interview.rs:853:7
    [1m[94m|[0m
[1m[94m853[0m [1m[94m|[0m       Err(_) => panic!("Expected Ok Interview"),
    [1m[94m|[0m       [1m[91m^^^^^^[0m
    [1m[94m|[0m
    [1m[94m= [0m[1mnote[0m: match each error separately or use the error output, or use `.expect(msg)` if the error case is unreachable
    [1m[94m= [0m[1mhelp[0m: for further information visit https://rust-lang.github.io/rust-clippy/master/index.html#match_wild_err_arm

[1m[91merror[0m[1m: this could be rewritten as `let...else`[0m
   [1m[94m--> [0mclarity-core/src/interview.rs:862:5
    [1m[94m|[0m
[1m[94m862[0m [1m[94m|[0m [1m[91m/[0m     let in_progress = match in_progress_result {
[1m[94m863[0m [1m[94m|[0m [1m[91m|[0m       Ok(i) => i,
[1m[94m864[0m [1m[94m|[0m [1m[91m|[0m       Err(_) => panic!("Expected Ok Interview"),
[1m[94m865[0m [1m[94m|[0m [1m[91m|[0m     };
    [1m[94m|[0m [1m[91m|______^[0m [1m[91mhelp: consider writing: `let Ok(in_progress) = in_progress_result else { panic!("Expected Ok Interview") };`[0m
    [1m[94m|[0m
    [1m[94m= [0m[1mhelp[0m: for further information visit https://rust-lang.github.io/rust-clippy/master/index.html#manual_let_else

[1m[91merror[0m[1m: `Err(_)` matches all errors[0m
   [1m[94m--> [0mclarity-core/src/interview.rs:864:7
    [1m[94m|[0m
[1m[94m864[0m [1m[94m|[0m       Err(_) => panic!("Expected Ok Interview"),
    [1m[94m|[0m       [1m[91m^^^^^^[0m
    [1m[94m|[0m
    [1m[94m= [0m[1mnote[0m: match each error separately or use the error output, or use `.expect(msg)` if the error case is unreachable
    [1m[94m= [0m[1mhelp[0m: for further information visit https://rust-lang.github.io/rust-clippy/master/index.html#match_wild_err_arm

[1m[91merror[0m[1m: this could be rewritten as `let...else`[0m
   [1m[94m--> [0mclarity-core/src/interview.rs:871:5
    [1m[94m|[0m
[1m[94m871[0m [1m[94m|[0m [1m[91m/[0m     let failed = match failed_result {
[1m[94m872[0m [1m[94m|[0m [1m[91m|[0m       Ok(i) => i,
[1m[94m873[0m [1m[94m|[0m [1m[91m|[0m       Err(_) => panic!("Expected Ok Interview"),
[1m[94m874[0m [1m[94m|[0m [1m[91m|[0m     };
    [1m[94m|[0m [1m[91m|______^[0m [1m[91mhelp: consider writing: `let Ok(failed) = failed_result else { panic!("Expected Ok Interview") };`[0m
    [1m[94m|[0m
    [1m[94m= [0m[1mhelp[0m: for further information visit https://rust-lang.github.io/rust-clippy/master/index.html#manual_let_else

[1m[91merror[0m[1m: `Err(_)` matches all errors[0m
   [1m[94m--> [0mclarity-core/src/interview.rs:873:7
    [1m[94m|[0m
[1m[94m873[0m [1m[94m|[0m       Err(_) => panic!("Expected Ok Interview"),
    [1m[94m|[0m       [1m[91m^^^^^^[0m
    [1m[94m|[0m
    [1m[94m= [0m[1mnote[0m: match each error separately or use the error output, or use `.expect(msg)` if the error case is unreachable
    [1m[94m= [0m[1mhelp[0m: for further information visit https://rust-lang.github.io/rust-clippy/master/index.html#match_wild_err_arm

[1m[91merror[0m[1m: this could be rewritten as `let...else`[0m
   [1m[94m--> [0mclarity-core/src/interview.rs:887:5
    [1m[94m|[0m
[1m[94m887[0m [1m[94m|[0m [1m[91m/[0m     let interview = match interview_result {
[1m[94m888[0m [1m[94m|[0m [1m[91m|[0m       Ok(i) => i,
[1m[94m889[0m [1m[94m|[0m [1m[91m|[0m       Err(_) => panic!("Expected Ok Interview"),
[1m[94m890[0m [1m[94m|[0m [1m[91m|[0m     };
    [1m[94m|[0m [1m[91m|______^[0m [1m[91mhelp: consider writing: `let Ok(interview) = interview_result else { panic!("Expected Ok Interview") };`[0m
    [1m[94m|[0m
    [1m[94m= [0m[1mhelp[0m: for further information visit https://rust-lang.github.io/rust-clippy/master/index.html#manual_let_else

[1m[91merror[0m[1m: `Err(_)` matches all errors[0m
   [1m[94m--> [0mclarity-core/src/interview.rs:889:7
    [1m[94m|[0m
[1m[94m889[0m [1m[94m|[0m       Err(_) => panic!("Expected Ok Interview"),
    [1m[94m|[0m       [1m[91m^^^^^^[0m
    [1m[94m|[0m
    [1m[94m= [0m[1mnote[0m: match each error separately or use the error output, or use `.expect(msg)` if the error case is unreachable
    [1m[94m= [0m[1mhelp[0m: for further information visit https://rust-lang.github.io/rust-clippy/master/index.html#match_wild_err_arm

[1m[91merror[0m[1m: this could be rewritten as `let...else`[0m
   [1m[94m--> [0mclarity-core/src/interview.rs:898:5
    [1m[94m|[0m
[1m[94m898[0m [1m[94m|[0m [1m[91m/[0m     let cancelled = match cancelled_result {
[1m[94m899[0m [1m[94m|[0m [1m[91m|[0m       Ok(i) => i,
[1m[94m900[0m [1m[94m|[0m [1m[91m|[0m       Err(_) => panic!("Expected Ok Interview"),
[1m[94m901[0m [1m[94m|[0m [1m[91m|[0m     };
    [1m[94m|[0m [1m[91m|______^[0m [1m[91mhelp: consider writing: `let Ok(cancelled) = cancelled_result else { panic!("Expected Ok Interview") };`[0m
    [1m[94m|[0m
    [1m[94m= [0m[1mhelp[0m: for further information visit https://rust-lang.github.io/rust-clippy/master/index.html#manual_let_else

[1m[91merror[0m[1m: `Err(_)` matches all errors[0m
   [1m[94m--> [0mclarity-core/src/interview.rs:900:7
    [1m[94m|[0m
[1m[94m900[0m [1m[94m|[0m       Err(_) => panic!("Expected Ok Interview"),
    [1m[94m|[0m       [1m[91m^^^^^^[0m
    [1m[94m|[0m
    [1m[94m= [0m[1mnote[0m: match each error separately or use the error output, or use `.expect(msg)` if the error case is unreachable
    [1m[94m= [0m[1mhelp[0m: for further information visit https://rust-lang.github.io/rust-clippy/master/index.html#match_wild_err_arm

[1m[91merror[0m[1m: this could be rewritten as `let...else`[0m
   [1m[94m--> [0mclarity-core/src/interview.rs:914:5
    [1m[94m|[0m
[1m[94m914[0m [1m[94m|[0m [1m[91m/[0m     let interview = match interview_result {
[1m[94m915[0m [1m[94m|[0m [1m[91m|[0m       Ok(i) => i,
[1m[94m916[0m [1m[94m|[0m [1m[91m|[0m       Err(_) => panic!("Expected Ok Interview"),
[1m[94m917[0m [1m[94m|[0m [1m[91m|[0m     };
    [1m[94m|[0m [1m[91m|______^[0m [1m[91mhelp: consider writing: `let Ok(interview) = interview_result else { panic!("Expected Ok Interview") };`[0m
    [1m[94m|[0m
    [1m[94m= [0m[1mhelp[0m: for further information visit https://rust-lang.github.io/rust-clippy/master/index.html#manual_let_else

[1m[91merror[0m[1m: `Err(_)` matches all errors[0m
   [1m[94m--> [0mclarity-core/src/interview.rs:916:7
    [1m[94m|[0m
[1m[94m916[0m [1m[94m|[0m       Err(_) => panic!("Expected Ok Interview"),
    [1m[94m|[0m       [1m[91m^^^^^^[0m
    [1m[94m|[0m
    [1m[94m= [0m[1mnote[0m: match each error separately or use the error output, or use `.expect(msg)` if the error case is unreachable
    [1m[94m= [0m[1mhelp[0m: for further information visit https://rust-lang.github.io/rust-clippy/master/index.html#match_wild_err_arm

[1m[91merror[0m[1m: this could be rewritten as `let...else`[0m
   [1m[94m--> [0mclarity-core/src/interview.rs:942:5
    [1m[94m|[0m
[1m[94m942[0m [1m[94m|[0m [1m[91m/[0m     let interview = match interview_result {
[1m[94m943[0m [1m[94m|[0m [1m[91m|[0m       Ok(i) => i,
[1m[94m944[0m [1m[94m|[0m [1m[91m|[0m       Err(_) => panic!("Expected Ok Interview"),
[1m[94m945[0m [1m[94m|[0m [1m[91m|[0m     };
    [1m[94m|[0m [1m[91m|______^[0m [1m[91mhelp: consider writing: `let Ok(interview) = interview_result else { panic!("Expected Ok Interview") };`[0m
    [1m[94m|[0m
    [1m[94m= [0m[1mhelp[0m: for further information visit https://rust-lang.github.io/rust-clippy/master/index.html#manual_let_else

[1m[91merror[0m[1m: `Err(_)` matches all errors[0m
   [1m[94m--> [0mclarity-core/src/interview.rs:944:7
    [1m[94m|[0m
[1m[94m944[0m [1m[94m|[0m       Err(_) => panic!("Expected Ok Interview"),
    [1m[94m|[0m       [1m[91m^^^^^^[0m
    [1m[94m|[0m
    [1m[94m= [0m[1mnote[0m: match each error separately or use the error output, or use `.expect(msg)` if the error case is unreachable
    [1m[94m= [0m[1mhelp[0m: for further information visit https://rust-lang.github.io/rust-clippy/master/index.html#match_wild_err_arm

[1m[91merror[0m[1m: this could be rewritten as `let...else`[0m
   [1m[94m--> [0mclarity-core/src/interview.rs:953:5
    [1m[94m|[0m
[1m[94m953[0m [1m[94m|[0m [1m[91m/[0m     let in_progress = match in_progress_result {
[1m[94m954[0m [1m[94m|[0m [1m[91m|[0m       Ok(i) => i,
[1m[94m955[0m [1m[94m|[0m [1m[91m|[0m       Err(_) => panic!("Expected Ok Interview"),
[1m[94m956[0m [1m[94m|[0m [1m[91m|[0m     };
    [1m[94m|[0m [1m[91m|______^[0m [1m[91mhelp: consider writing: `let Ok(in_progress) = in_progress_result else { panic!("Expected Ok Interview") };`[0m
    [1m[94m|[0m
    [1m[94m= [0m[1mhelp[0m: for further information visit https://rust-lang.github.io/rust-clippy/master/index.html#manual_let_else

[1m[91merror[0m[1m: `Err(_)` matches all errors[0m
   [1m[94m--> [0mclarity-core/src/interview.rs:955:7
    [1m[94m|[0m
[1m[94m955[0m [1m[94m|[0m       Err(_) => panic!("Expected Ok Interview"),
    [1m[94m|[0m       [1m[91m^^^^^^[0m
    [1m[94m|[0m
    [1m[94m= [0m[1mnote[0m: match each error separately or use the error output, or use `.expect(msg)` if the error case is unreachable
    [1m[94m= [0m[1mhelp[0m: for further information visit https://rust-lang.github.io/rust-clippy/master/index.html#match_wild_err_arm

[1m[91merror[0m[1m: this could be rewritten as `let...else`[0m
   [1m[94m--> [0mclarity-core/src/interview.rs:964:5
    [1m[94m|[0m
[1m[94m964[0m [1m[94m|[0m [1m[91m/[0m     let completed = match completed_result {
[1m[94m965[0m [1m[94m|[0m [1m[91m|[0m       Ok(i) => i,
[1m[94m966[0m [1m[94m|[0m [1m[91m|[0m       Err(_) => panic!("Expected Ok Interview"),
[1m[94m967[0m [1m[94m|[0m [1m[91m|[0m     };
    [1m[94m|[0m [1m[91m|______^[0m [1m[91mhelp: consider writing: `let Ok(completed) = completed_result else { panic!("Expected Ok Interview") };`[0m
    [1m[94m|[0m
    [1m[94m= [0m[1mhelp[0m: for further information visit https://rust-lang.github.io/rust-clippy/master/index.html#manual_let_else

[1m[91merror[0m[1m: `Err(_)` matches all errors[0m
   [1m[94m--> [0mclarity-core/src/interview.rs:966:7
    [1m[94m|[0m
[1m[94m966[0m [1m[94m|[0m       Err(_) => panic!("Expected Ok Interview"),
    [1m[94m|[0m       [1m[91m^^^^^^[0m
    [1m[94m|[0m
    [1m[94m= [0m[1mnote[0m: match each error separately or use the error output, or use `.expect(msg)` if the error case is unreachable
    [1m[94m= [0m[1mhelp[0m: for further information visit https://rust-lang.github.io/rust-clippy/master/index.html#match_wild_err_arm

[1m[91merror[0m[1m: this could be rewritten as `let...else`[0m
   [1m[94m--> [0mclarity-core/src/interview.rs:985:5
    [1m[94m|[0m
[1m[94m985[0m [1m[94m|[0m [1m[91m/[0m     let interview = match interview_result {
[1m[94m986[0m [1m[94m|[0m [1m[91m|[0m       Ok(i) => i,
[1m[94m987[0m [1m[94m|[0m [1m[91m|[0m       Err(_) => panic!("Expected Ok Interview"),
[1m[94m988[0m [1m[94m|[0m [1m[91m|[0m     };
    [1m[94m|[0m [1m[91m|______^[0m [1m[91mhelp: consider writing: `let Ok(interview) = interview_result else { panic!("Expected Ok Interview") };`[0m
    [1m[94m|[0m
    [1m[94m= [0m[1mhelp[0m: for further information visit https://rust-lang.github.io/rust-clippy/master/index.html#manual_let_else

[1m[91merror[0m[1m: `Err(_)` matches all errors[0m
   [1m[94m--> [0mclarity-core/src/interview.rs:987:7
    [1m[94m|[0m
[1m[94m987[0m [1m[94m|[0m       Err(_) => panic!("Expected Ok Interview"),
    [1m[94m|[0m       [1m[91m^^^^^^[0m
    [1m[94m|[0m
    [1m[94m= [0m[1mnote[0m: match each error separately or use the error output, or use `.expect(msg)` if the error case is unreachable
    [1m[94m= [0m[1mhelp[0m: for further information visit https://rust-lang.github.io/rust-clippy/master/index.html#match_wild_err_arm

[1m[91merror[0m[1m: this could be rewritten as `let...else`[0m
   [1m[94m--> [0mclarity-core/src/interview.rs:996:5
    [1m[94m|[0m
[1m[94m996[0m [1m[94m|[0m [1m[91m/[0m     let in_progress = match in_progress_result {
[1m[94m997[0m [1m[94m|[0m [1m[91m|[0m       Ok(i) => i,
[1m[94m998[0m [1m[94m|[0m [1m[91m|[0m       Err(_) => panic!("Expected Ok Interview"),
[1m[94m999[0m [1m[94m|[0m [1m[91m|[0m     };
    [1m[94m|[0m [1m[91m|______^[0m [1m[91mhelp: consider writing: `let Ok(in_progress) = in_progress_result else { panic!("Expected Ok Interview") };`[0m
    [1m[94m|[0m
    [1m[94m= [0m[1mhelp[0m: for further information visit https://rust-lang.github.io/rust-clippy/master/index.html#manual_let_else

[1m[91merror[0m[1m: `Err(_)` matches all errors[0m
   [1m[94m--> [0mclarity-core/src/interview.rs:998:7
    [1m[94m|[0m
[1m[94m998[0m [1m[94m|[0m       Err(_) => panic!("Expected Ok Interview"),
    [1m[94m|[0m       [1m[91m^^^^^^[0m
    [1m[94m|[0m
    [1m[94m= [0m[1mnote[0m: match each error separately or use the error output, or use `.expect(msg)` if the error case is unreachable
    [1m[94m= [0m[1mhelp[0m: for further information visit https://rust-lang.github.io/rust-clippy/master/index.html#match_wild_err_arm

[1m[91merror[0m[1m: this could be rewritten as `let...else`[0m
    [1m[94m--> [0mclarity-core/src/interview.rs:1005:5
     [1m[94m|[0m
[1m[94m1005[0m [1m[94m|[0m [1m[91m/[0m     let failed = match failed_result {
[1m[94m1006[0m [1m[94m|[0m [1m[91m|[0m       Ok(i) => i,
[1m[94m1007[0m [1m[94m|[0m [1m[91m|[0m       Err(_) => panic!("Expected Ok Interview"),
[1m[94m1008[0m [1m[94m|[0m [1m[91m|[0m     };
     [1m[94m|[0m [1m[91m|______^[0m [1m[91mhelp: consider writing: `let Ok(failed) = failed_result else { panic!("Expected Ok Interview") };`[0m
     [1m[94m|[0m
     [1m[94m= [0m[1mhelp[0m: for further information visit https://rust-lang.github.io/rust-clippy/master/index.html#manual_let_else

[1m[91merror[0m[1m: `Err(_)` matches all errors[0m
    [1m[94m--> [0mclarity-core/src/interview.rs:1007:7
     [1m[94m|[0m
[1m[94m1007[0m [1m[94m|[0m       Err(_) => panic!("Expected Ok Interview"),
     [1m[94m|[0m       [1m[91m^^^^^^[0m
     [1m[94m|[0m
     [1m[94m= [0m[1mnote[0m: match each error separately or use the error output, or use `.expect(msg)` if the error case is unreachable
     [1m[94m= [0m[1mhelp[0m: for further information visit https://rust-lang.github.io/rust-clippy/master/index.html#match_wild_err_arm

[1m[91merror[0m[1m: this could be rewritten as `let...else`[0m
    [1m[94m--> [0mclarity-core/src/interview.rs:1026:5
     [1m[94m|[0m
[1m[94m1026[0m [1m[94m|[0m [1m[91m/[0m     let interview = match interview_result {
[1m[94m1027[0m [1m[94m|[0m [1m[91m|[0m       Ok(i) => i,
[1m[94m1028[0m [1m[94m|[0m [1m[91m|[0m       Err(_) => panic!("Expected Ok Interview"),
[1m[94m1029[0m [1m[94m|[0m [1m[91m|[0m     };
     [1m[94m|[0m [1m[91m|______^[0m [1m[91mhelp: consider writing: `let Ok(interview) = interview_result else { panic!("Expected Ok Interview") };`[0m
     [1m[94m|[0m
     [1m[94m= [0m[1mhelp[0m: for further information visit https://rust-lang.github.io/rust-clippy/master/index.html#manual_let_else

[1m[91merror[0m[1m: `Err(_)` matches all errors[0m
    [1m[94m--> [0mclarity-core/src/interview.rs:1028:7
     [1m[94m|[0m
[1m[94m1028[0m [1m[94m|[0m       Err(_) => panic!("Expected Ok Interview"),
     [1m[94m|[0m       [1m[91m^^^^^^[0m
     [1m[94m|[0m
     [1m[94m= [0m[1mnote[0m: match each error separately or use the error output, or use `.expect(msg)` if the error case is unreachable
     [1m[94m= [0m[1mhelp[0m: for further information visit https://rust-lang.github.io/rust-clippy/master/index.html#match_wild_err_arm

[1m[91merror[0m[1m: this could be rewritten as `let...else`[0m
    [1m[94m--> [0mclarity-core/src/interview.rs:1039:5
     [1m[94m|[0m
[1m[94m1039[0m [1m[94m|[0m [1m[91m/[0m     let in_progress = match in_progress_result {
[1m[94m1040[0m [1m[94m|[0m [1m[91m|[0m       Ok(i) => i,
[1m[94m1041[0m [1m[94m|[0m [1m[91m|[0m       Err(_) => panic!("Expected Ok Interview"),
[1m[94m1042[0m [1m[94m|[0m [1m[91m|[0m     };
     [1m[94m|[0m [1m[91m|______^[0m [1m[91mhelp: consider writing: `let Ok(in_progress) = in_progress_result else { panic!("Expected Ok Interview") };`[0m
     [1m[94m|[0m
     [1m[94m= [0m[1mhelp[0m: for further information visit https://rust-lang.github.io/rust-clippy/master/index.html#manual_let_else

[1m[91merror[0m[1m: `Err(_)` matches all errors[0m
    [1m[94m--> [0mclarity-core/src/interview.rs:1041:7
     [1m[94m|[0m
[1m[94m1041[0m [1m[94m|[0m       Err(_) => panic!("Expected Ok Interview"),
     [1m[94m|[0m       [1m[91m^^^^^^[0m
     [1m[94m|[0m
     [1m[94m= [0m[1mnote[0m: match each error separately or use the error output, or use `.expect(msg)` if the error case is unreachable
     [1m[94m= [0m[1mhelp[0m: for further information visit https://rust-lang.github.io/rust-clippy/master/index.html#match_wild_err_arm

[1m[91merror[0m[1m: this could be rewritten as `let...else`[0m
    [1m[94m--> [0mclarity-core/src/interview.rs:1051:5
     [1m[94m|[0m
[1m[94m1051[0m [1m[94m|[0m [1m[91m/[0m     let completed = match completed_result {
[1m[94m1052[0m [1m[94m|[0m [1m[91m|[0m       Ok(i) => i,
[1m[94m1053[0m [1m[94m|[0m [1m[91m|[0m       Err(_) => panic!("Expected Ok Interview"),
[1m[94m1054[0m [1m[94m|[0m [1m[91m|[0m     };
     [1m[94m|[0m [1m[91m|______^[0m [1m[91mhelp: consider writing: `let Ok(completed) = completed_result else { panic!("Expected Ok Interview") };`[0m
     [1m[94m|[0m
     [1m[94m= [0m[1mhelp[0m: for further information visit https://rust-lang.github.io/rust-clippy/master/index.html#manual_let_else

[1m[91merror[0m[1m: `Err(_)` matches all errors[0m
    [1m[94m--> [0mclarity-core/src/interview.rs:1053:7
     [1m[94m|[0m
[1m[94m1053[0m [1m[94m|[0m       Err(_) => panic!("Expected Ok Interview"),
     [1m[94m|[0m       [1m[91m^^^^^^[0m
     [1m[94m|[0m
     [1m[94m= [0m[1mnote[0m: match each error separately or use the error output, or use `.expect(msg)` if the error case is unreachable
     [1m[94m= [0m[1mhelp[0m: for further information visit https://rust-lang.github.io/rust-clippy/master/index.html#match_wild_err_arm

[1m[91merror[0m[1m: this could be rewritten as `let...else`[0m
    [1m[94m--> [0mclarity-core/src/interview.rs:1061:5
     [1m[94m|[0m
[1m[94m1061[0m [1m[94m|[0m [1m[91m/[0m     let failed = match failed_result {
[1m[94m1062[0m [1m[94m|[0m [1m[91m|[0m       Ok(i) => i,
[1m[94m1063[0m [1m[94m|[0m [1m[91m|[0m       Err(_) => panic!("Expected Ok Interview"),
[1m[94m1064[0m [1m[94m|[0m [1m[91m|[0m     };
     [1m[94m|[0m [1m[91m|______^[0m [1m[91mhelp: consider writing: `let Ok(failed) = failed_result else { panic!("Expected Ok Interview") };`[0m
     [1m[94m|[0m
     [1m[94m= [0m[1mhelp[0m: for further information visit https://rust-lang.github.io/rust-clippy/master/index.html#manual_let_else

[1m[91merror[0m[1m: `Err(_)` matches all errors[0m
    [1m[94m--> [0mclarity-core/src/interview.rs:1063:7
     [1m[94m|[0m
[1m[94m1063[0m [1m[94m|[0m       Err(_) => panic!("Expected Ok Interview"),
     [1m[94m|[0m       [1m[91m^^^^^^[0m
     [1m[94m|[0m
     [1m[94m= [0m[1mnote[0m: match each error separately or use the error output, or use `.expect(msg)` if the error case is unreachable
     [1m[94m= [0m[1mhelp[0m: for further information visit https://rust-lang.github.io/rust-clippy/master/index.html#match_wild_err_arm

[1m[91merror[0m[1m: this could be rewritten as `let...else`[0m
    [1m[94m--> [0mclarity-core/src/interview.rs:1073:5
     [1m[94m|[0m
[1m[94m1073[0m [1m[94m|[0m [1m[91m/[0m     let cancelled = match cancelled_result {
[1m[94m1074[0m [1m[94m|[0m [1m[91m|[0m       Ok(i) => i,
[1m[94m1075[0m [1m[94m|[0m [1m[91m|[0m       Err(_) => panic!("Expected Ok Interview"),
[1m[94m1076[0m [1m[94m|[0m [1m[91m|[0m     };
     [1m[94m|[0m [1m[91m|______^[0m [1m[91mhelp: consider writing: `let Ok(cancelled) = cancelled_result else { panic!("Expected Ok Interview") };`[0m
     [1m[94m|[0m
     [1m[94m= [0m[1mhelp[0m: for further information visit https://rust-lang.github.io/rust-clippy/master/index.html#manual_let_else

[1m[91merror[0m[1m: `Err(_)` matches all errors[0m
    [1m[94m--> [0mclarity-core/src/interview.rs:1075:7
     [1m[94m|[0m
[1m[94m1075[0m [1m[94m|[0m       Err(_) => panic!("Expected Ok Interview"),
     [1m[94m|[0m       [1m[91m^^^^^^[0m
     [1m[94m|[0m
     [1m[94m= [0m[1mnote[0m: match each error separately or use the error output, or use `.expect(msg)` if the error case is unreachable
     [1m[94m= [0m[1mhelp[0m: for further information visit https://rust-lang.github.io/rust-clippy/master/index.html#match_wild_err_arm

[1m[91merror[0m[1m: this could be rewritten as `let...else`[0m
    [1m[94m--> [0mclarity-core/src/interview.rs:1088:5
     [1m[94m|[0m
[1m[94m1088[0m [1m[94m|[0m [1m[91m/[0m     let interview = match interview_result {
[1m[94m1089[0m [1m[94m|[0m [1m[91m|[0m       Ok(i) => i,
[1m[94m1090[0m [1m[94m|[0m [1m[91m|[0m       Err(_) => panic!("Expected Ok Interview"),
[1m[94m1091[0m [1m[94m|[0m [1m[91m|[0m     };
     [1m[94m|[0m [1m[91m|______^[0m [1m[91mhelp: consider writing: `let Ok(interview) = interview_result else { panic!("Expected Ok Interview") };`[0m
     [1m[94m|[0m
     [1m[94m= [0m[1mhelp[0m: for further information visit https://rust-lang.github.io/rust-clippy/master/index.html#manual_let_else

[1m[91merror[0m[1m: `Err(_)` matches all errors[0m
    [1m[94m--> [0mclarity-core/src/interview.rs:1090:7
     [1m[94m|[0m
[1m[94m1090[0m [1m[94m|[0m       Err(_) => panic!("Expected Ok Interview"),
     [1m[94m|[0m       [1m[91m^^^^^^[0m
     [1m[94m|[0m
     [1m[94m= [0m[1mnote[0m: match each error separately or use the error output, or use `.expect(msg)` if the error case is unreachable
     [1m[94m= [0m[1mhelp[0m: for further information visit https://rust-lang.github.io/rust-clippy/master/index.html#match_wild_err_arm

[1m[91merror[0m[1m: this could be rewritten as `let...else`[0m
    [1m[94m--> [0mclarity-core/src/interview.rs:1101:5
     [1m[94m|[0m
[1m[94m1101[0m [1m[94m|[0m [1m[91m/[0m     let in_progress = match in_progress_result {
[1m[94m1102[0m [1m[94m|[0m [1m[91m|[0m       Ok(i) => i,
[1m[94m1103[0m [1m[94m|[0m [1m[91m|[0m       Err(_) => panic!("Expected Ok Interview"),
[1m[94m1104[0m [1m[94m|[0m [1m[91m|[0m     };
     [1m[94m|[0m [1m[91m|______^[0m [1m[91mhelp: consider writing: `let Ok(in_progress) = in_progress_result else { panic!("Expected Ok Interview") };`[0m
     [1m[94m|[0m
     [1m[94m= [0m[1mhelp[0m: for further information visit https://rust-lang.github.io/rust-clippy/master/index.html#manual_let_else

[1m[91merror[0m[1m: `Err(_)` matches all errors[0m
    [1m[94m--> [0mclarity-core/src/interview.rs:1103:7
     [1m[94m|[0m
[1m[94m1103[0m [1m[94m|[0m       Err(_) => panic!("Expected Ok Interview"),
     [1m[94m|[0m       [1m[91m^^^^^^[0m
     [1m[94m|[0m
     [1m[94m= [0m[1mnote[0m: match each error separately or use the error output, or use `.expect(msg)` if the error case is unreachable
     [1m[94m= [0m[1mhelp[0m: for further information visit https://rust-lang.github.io/rust-clippy/master/index.html#match_wild_err_arm

[1m[91merror[0m[1m: this could be rewritten as `let...else`[0m
    [1m[94m--> [0mclarity-core/src/interview.rs:1113:5
     [1m[94m|[0m
[1m[94m1113[0m [1m[94m|[0m [1m[91m/[0m     let completed = match completed_result {
[1m[94m1114[0m [1m[94m|[0m [1m[91m|[0m       Ok(i) => i,
[1m[94m1115[0m [1m[94m|[0m [1m[91m|[0m       Err(_) => panic!("Expected Ok Interview"),
[1m[94m1116[0m [1m[94m|[0m [1m[91m|[0m     };
     [1m[94m|[0m [1m[91m|______^[0m [1m[91mhelp: consider writing: `let Ok(completed) = completed_result else { panic!("Expected Ok Interview") };`[0m
     [1m[94m|[0m
     [1m[94m= [0m[1mhelp[0m: for further information visit https://rust-lang.github.io/rust-clippy/master/index.html#manual_let_else

[1m[91merror[0m[1m: `Err(_)` matches all errors[0m
    [1m[94m--> [0mclarity-core/src/interview.rs:1115:7
     [1m[94m|[0m
[1m[94m1115[0m [1m[94m|[0m       Err(_) => panic!("Expected Ok Interview"),
     [1m[94m|[0m       [1m[91m^^^^^^[0m
     [1m[94m|[0m
     [1m[94m= [0m[1mnote[0m: match each error separately or use the error output, or use `.expect(msg)` if the error case is unreachable
     [1m[94m= [0m[1mhelp[0m: for further information visit https://rust-lang.github.io/rust-clippy/master/index.html#match_wild_err_arm

[1m[91merror[0m[1m: this could be rewritten as `let...else`[0m
    [1m[94m--> [0mclarity-core/src/interview.rs:1130:5
     [1m[94m|[0m
[1m[94m1130[0m [1m[94m|[0m [1m[91m/[0m     let ts1 = match ts1_result {
[1m[94m1131[0m [1m[94m|[0m [1m[91m|[0m       Ok(ts) => ts,
[1m[94m1132[0m [1m[94m|[0m [1m[91m|[0m       Err(_) => panic!("Expected Ok Timestamp"),
[1m[94m1133[0m [1m[94m|[0m [1m[91m|[0m     };
     [1m[94m|[0m [1m[91m|______^[0m [1m[91mhelp: consider writing: `let Ok(ts1) = ts1_result else { panic!("Expected Ok Timestamp") };`[0m
     [1m[94m|[0m
     [1m[94m= [0m[1mhelp[0m: for further information visit https://rust-lang.github.io/rust-clippy/master/index.html#manual_let_else

[1m[91merror[0m[1m: `Err(_)` matches all errors[0m
    [1m[94m--> [0mclarity-core/src/interview.rs:1132:7
     [1m[94m|[0m
[1m[94m1132[0m [1m[94m|[0m       Err(_) => panic!("Expected Ok Timestamp"),
     [1m[94m|[0m       [1m[91m^^^^^^[0m
     [1m[94m|[0m
     [1m[94m= [0m[1mnote[0m: match each error separately or use the error output, or use `.expect(msg)` if the error case is unreachable
     [1m[94m= [0m[1mhelp[0m: for further information visit https://rust-lang.github.io/rust-clippy/master/index.html#match_wild_err_arm

[1m[91merror[0m[1m: this could be rewritten as `let...else`[0m
    [1m[94m--> [0mclarity-core/src/interview.rs:1138:5
     [1m[94m|[0m
[1m[94m1138[0m [1m[94m|[0m [1m[91m/[0m     let ts2 = match ts2_result {
[1m[94m1139[0m [1m[94m|[0m [1m[91m|[0m       Ok(ts) => ts,
[1m[94m1140[0m [1m[94m|[0m [1m[91m|[0m       Err(_) => panic!("Expected Ok Timestamp"),
[1m[94m1141[0m [1m[94m|[0m [1m[91m|[0m     };
     [1m[94m|[0m [1m[91m|______^[0m [1m[91mhelp: consider writing: `let Ok(ts2) = ts2_result else { panic!("Expected Ok Timestamp") };`[0m
     [1m[94m|[0m
     [1m[94m= [0m[1mhelp[0m: for further information visit https://rust-lang.github.io/rust-clippy/master/index.html#manual_let_else

[1m[91merror[0m[1m: `Err(_)` matches all errors[0m
    [1m[94m--> [0mclarity-core/src/interview.rs:1140:7
     [1m[94m|[0m
[1m[94m1140[0m [1m[94m|[0m       Err(_) => panic!("Expected Ok Timestamp"),
     [1m[94m|[0m       [1m[91m^^^^^^[0m
     [1m[94m|[0m
     [1m[94m= [0m[1mnote[0m: match each error separately or use the error output, or use `.expect(msg)` if the error case is unreachable
     [1m[94m= [0m[1mhelp[0m: for further information visit https://rust-lang.github.io/rust-clippy/master/index.html#match_wild_err_arm

[1m[91merror[0m[1m: used `expect()` on a `Result` value[0m
   [1m[94m--> [0mclarity-core/src/json_formatter.rs:231:20
    [1m[94m|[0m
[1m[94m231[0m [1m[94m|[0m     let json_str = result.expect("format_response should return Ok");
    [1m[94m|[0m                    [1m[91m^^^^^^^^^^^^^^^^^^^^^^^^^^^^^^^^^^^^^^^^^^^^^^^^^[0m
    [1m[94m|[0m
    [1m[94m= [0m[1mnote[0m: if this value is an `Err`, it will panic
    [1m[94m= [0m[1mhelp[0m: for further information visit https://rust-lang.github.io/rust-clippy/master/index.html#expect_used
    [1m[94m= [0m[1mnote[0m: `-D clippy::expect-used` implied by `-D warnings`
    [1m[94m= [0m[1mhelp[0m: to override `-D warnings` add `#[allow(clippy::expect_used)]`

[1m[91merror[0m[1m: used `expect()` on a `Result` value[0m
   [1m[94m--> [0mclarity-core/src/json_formatter.rs:246:20
    [1m[94m|[0m
[1m[94m246[0m [1m[94m|[0m     let json_str = result.expect("format_error should return Ok");
    [1m[94m|[0m                    [1m[91m^^^^^^^^^^^^^^^^^^^^^^^^^^^^^^^^^^^^^^^^^^^^^^[0m
    [1m[94m|[0m
    [1m[94m= [0m[1mnote[0m: if this value is an `Err`, it will panic
    [1m[94m= [0m[1mhelp[0m: for further information visit https://rust-lang.github.io/rust-clippy/master/index.html#expect_used

[1m[91merror[0m[1m: used `expect()` on a `Result` value[0m
   [1m[94m--> [0mclarity-core/src/json_formatter.rs:257:20
    [1m[94m|[0m
[1m[94m257[0m [1m[94m|[0m     let json_str = result.expect("format_error should return Ok");
    [1m[94m|[0m                    [1m[91m^^^^^^^^^^^^^^^^^^^^^^^^^^^^^^^^^^^^^^^^^^^^^^[0m
    [1m[94m|[0m
    [1m[94m= [0m[1mnote[0m: if this value is an `Err`, it will panic
    [1m[94m= [0m[1mhelp[0m: for further information visit https://rust-lang.github.io/rust-clippy/master/index.html#expect_used

[1m[91merror[0m[1m: used `expect()` on a `Result` value[0m
   [1m[94m--> [0mclarity-core/src/json_formatter.rs:277:20
    [1m[94m|[0m
[1m[94m277[0m [1m[94m|[0m     let json_str = result.expect("format_response should return Ok");
    [1m[94m|[0m                    [1m[91m^^^^^^^^^^^^^^^^^^^^^^^^^^^^^^^^^^^^^^^^^^^^^^^^^[0m
    [1m[94m|[0m
    [1m[94m= [0m[1mnote[0m: if this value is an `Err`, it will panic
    [1m[94m= [0m[1mhelp[0m: for further information visit https://rust-lang.github.io/rust-clippy/master/index.html#expect_used

[1m[91merror[0m[1m: used `expect()` on a `Result` value[0m
   [1m[94m--> [0mclarity-core/src/json_formatter.rs:287:20
    [1m[94m|[0m
[1m[94m287[0m [1m[94m|[0m     let json_str = result.expect("format_error should return Ok");
    [1m[94m|[0m                    [1m[91m^^^^^^^^^^^^^^^^^^^^^^^^^^^^^^^^^^^^^^^^^^^^^^[0m
    [1m[94m|[0m
    [1m[94m= [0m[1mnote[0m: if this value is an `Err`, it will panic
    [1m[94m= [0m[1mhelp[0m: for further information visit https://rust-lang.github.io/rust-clippy/master/index.html#expect_used

[1m[91merror[0m[1m: redundant clone[0m
   [1m[94m--> [0mclarity-core/src/json_formatter.rs:353:66
    [1m[94m|[0m
[1m[94m353[0m [1m[94m|[0m     let response = ApiResponse::error("Validation failed", errors.clone());
    [1m[94m|[0m                                                                  [1m[91m^^^^^^^^[0m [1m[91mhelp: remove this[0m
    [1m[94m|[0m
[1m[92mnote[0m: this value is dropped without further use
   [1m[94m--> [0mclarity-core/src/json_formatter.rs:353:60
    [1m[94m|[0m
[1m[94m353[0m [1m[94m|[0m     let response = ApiResponse::error("Validation failed", errors.clone());
    [1m[94m|[0m                                                            [1m[92m^^^^^^[0m
    [1m[94m= [0m[1mhelp[0m: for further information visit https://rust-lang.github.io/rust-clippy/master/index.html#redundant_clone
    [1m[94m= [0m[1mnote[0m: `-D clippy::redundant-clone` implied by `-D warnings`
    [1m[94m= [0m[1mhelp[0m: to override `-D warnings` add `#[allow(clippy::redundant_clone)]`

[1m[91merror[0m[1m: accessing first element with `detail.next_actions.get(0)`[0m
   [1m[94m--> [0mclarity-core/src/json_formatter.rs:373:7
    [1m[94m|[0m
[1m[94m373[0m [1m[94m|[0m       detail.next_actions.get(0),
    [1m[94m|[0m       [1m[91m^^^^^^^^^^^^^^^^^^^^^^^^^^[0m [1m[91mhelp: try: `detail.next_actions.first()`[0m
    [1m[94m|[0m
    [1m[94m= [0m[1mhelp[0m: for further information visit https://rust-lang.github.io/rust-clippy/master/index.html#get_first
    [1m[94m= [0m[1mnote[0m: `-D clippy::get-first` implied by `-D warnings`
    [1m[94m= [0m[1mhelp[0m: to override `-D warnings` add `#[allow(clippy::get_first)]`

[1m[91merror[0m: could not compile `clarity-core` (lib test) due to 81 previous errors